// Jest Snapshot v1, https://goo.gl/fbAQLP

exports[`Pruebas en Navbar Debe de mostrarse correctamente 1`] = `
<nav
  className="navbar navbar-expand-sm navbar-dark bg-dark"
>
  <div
    className="container-fluid"
  >
    <a
      className="navbar-brand"
      href="/"
      onClick={[Function]}
    >
      Asociaciones
    </a>
    <button
      aria-controls="navbarNavAltMarkup"
      aria-expanded="false"
      aria-label="Toggle navigation"
      className="navbar-toggler"
      data-bs-target="#navbarNavAltMarkup"
      data-bs-toggle="collapse"
      type="button"
    >
      <span
        className="navbar-toggler-icon"
      />
    </button>
    <div
      className="navbar-collapse collapse justify-content-between"
      id="navbarNavAltMarkup"
    >
      <div
        className="navbar-nav"
      >
        <a
          className="nav-link false"
          href="/marvel"
          onClick={[Function]}
        >
          Marvel
        </a>
        <a
          className="nav-link false"
          href="/dc"
          onClick={[Function]}
        >
          DC
        </a>
        <a
          className="nav-link false"
          href="/search"
          onClick={[Function]}
        >
          Search
        </a>
      </div>
      <div
        className="navbar-nav"
      >
        <span
          className="nav-link text-info"
        >
          pedro
        </span>
        <button
          className="nav-link btn"
          onClick={[Function]}
        >
          Logout
        </button>
      </div>
    </div>
  </div>
</nav>
`;
